// Jest Snapshot v1, https://goo.gl/fbAQLP

exports[`Button snapshot is ok 1`] = `
.c0 {
  position: absolute;
  top: 50%;
  left: 50%;
  -webkit-transform: translate(-50%,-50%);
  -ms-transform: translate(-50%,-50%);
  transform: translate(-50%,-50%);
  font-family: sans-serif;
  width: 600px;
  height: 500px;
  border-radius: 15px;
  display: -webkit-box;
  display: -webkit-flex;
  display: -ms-flexbox;
  display: flex;
  background-color: #ffffff;
  display: -webkit-box;
  display: -webkit-flex;
  display: -ms-flexbox;
  display: flex;
  -webkit-flex-direction: column;
  -ms-flex-direction: column;
  flex-direction: column;
}

.c1 {
  border-radius: 15px 15px 0 0;
  height: 55px;
  width: 100%;
  background-color: #B2FCE5;
  font-weight: 600;
  font-size: 24px;
  text-align: center;
  line-height: 55px;
}

.c2 {
  display: -webkit-box;
  display: -webkit-flex;
  display: -ms-flexbox;
  display: flex;
  -webkit-flex-direction: column;
  -ms-flex-direction: column;
  flex-direction: column;
  padding: 0 30px;
  height: 100%;
}

.c3 {
  font-size: 16px;
  height: 38px;
  background-color: #eefbf7;
  padding: .5rem;
  color: #2d3134;
  margin: 5px;
  border: 1px solid #bfc5ca;
  border-radius: 4px;
  font-weight: 200;
  line-height: 1.4;
}

.c3:focus {
  border-color: #b2fce4;
  box-shadow: 0 1px 1px #000,inset .75,0 0 8px #eaf5f7,.6;
  outline: 0 none;
}

.c4 {
  display: -webkit-box;
  display: -webkit-flex;
  display: -ms-flexbox;
  display: flex;
  -webkit-box-pack: center;
  -webkit-justify-content: center;
  -ms-flex-pack: center;
  justify-content: center;
  -webkit-align-items: center;
  -webkit-box-align: center;
  -ms-flex-align: center;
  align-items: center;
  -webkit-flex-direction: column;
  -ms-flex-direction: column;
  flex-direction: column;
  height: 100%;
}

.c5 {
  width: 150px;
  height: 40px;
  font-weight: 600;
  font-size: 16px;
  border: unset;
  border-radius: .75rem;
  background-color: black;
  color: #ffffff;
  -webkit-transition: all .5s ease;
  transition: all .5s ease;
}

.c5:hover {
  cursor: pointer;
  background-color: #b2fce4;
  color: #000;
}

@media (max-width:425px) {
  .c0 {
    width: 300px;
  }
}

<div>
  <div
    class="c0"
  >
    <div
      class="c1"
    >
      Transfer
    </div>
    <form
      class="c2"
    >
      <h2>
        Origin - Wallet ID
      </h2>
      <input
        class="c3"
        id="originWalletId"
        name="originWalletId"
        readonly=""
        required=""
        type="text"
        value="test"
      />
      <p
        style="padding: .5rem;"
      >
        Balance 
        <strong>
          1000
          â‚¬
        </strong>
      </p>
      <h2>
        Destination
      </h2>
      <input
        class="c3"
        id="destinationWalletId"
        name="destinationWalletId"
        placeholder="Wallet ID"
        required=""
        type="text"
      />
      <input
        class="c3"
        id="amount"
        name="amount"
        placeholder="Amount"
        required=""
        type="number"
      />
      <div
        class="c4"
      >
        <div
          style="color: red;"
        />
        <button
          class="c5"
          id="submit"
          type="submit"
        >
          Submit
        </button>
      </div>
    </form>
  </div>
</div>
`;
